// Jest Snapshot v1, https://goo.gl/fbAQLP

exports[`Button renders correctly 1`] = `
<DocumentFragment>
  <button
    class="bg-primary hover:bg-primaryBold text-white relative font-bold py-2 px-4 rounded focus:ring-2 focus:ring-inset focus:ring-primaryBold disabled:bg-gray-200"
    role="button"
    type="button"
  >
    <span>
      Test Icon
    </span>
  </button>
</DocumentFragment>
`;
