// Jest Snapshot v1, https://goo.gl/fbAQLP

exports[`Textfield renders correctly 1`] = `
<DocumentFragment>
  <div
    class="w-full"
  >
    <label
      class="block text-gray-700 text-sm font-bold mb-2"
      for="test_input"
    >
      Test Input
    </label>
    <input
      class="shadow appearance-none border rounded w-full py-2 px-3 text-gray-700 leading-tight focus:outline-none focus:shadow-outline"
      id="test_input"
      name="test_input"
      placeholder="Test Input"
      role="textbox"
      type="text"
      value=""
    />
    <p
      class="text-xs italic mt-3"
    >
      Test input helper text
    </p>
  </div>
</DocumentFragment>
`;
